This is e-upTeX, Version 3.141592653-p4.1.1-u1.30-230214-2.6 (utf8.euc) (TeX Live 2024) (preloaded format=platex 2024.5.15)  25 JUN 2025 23:03
entering extended mode
 restricted \write18 enabled.
 file:line:error style messages enabled.
 %&-line parsing enabled.
**template.tex
(./template.tex
pLaTeX2e <2023-02-14>+1, based on
LaTeX2e <2023-11-01> patch level 1
L3 programming layer <2024-02-20>
(/usr/local/texlive/2024/texmf-dist/tex/latex/jlreq/jlreq.cls
Document Class: jlreq 2024/02/16 jlreq
(/usr/local/texlive/2024/texmf-dist/tex/latex/l3packages/l3keys2e/l3keys2e.sty
(/usr/local/texlive/2024/texmf-dist/tex/latex/l3kernel/expl3.sty
Package: expl3 2024-02-20 L3 programming layer (loader) 

(/usr/local/texlive/2024/texmf-dist/tex/latex/l3backend/l3backend-dvipdfmx.def
File: l3backend-dvipdfmx.def 2024-02-20 L3 backend support: dvipdfmx
\g__graphics_track_int=\count187
\l__pdf_internal_box=\box68
\g__pdf_backend_object_int=\count188
\g__pdf_backend_annotation_int=\count189
\g__pdf_backend_link_int=\count190
))
Package: l3keys2e 2024-02-18 LaTeX2e option processing using LaTeX3 keys
) (/usr/local/texlive/2024/texmf-dist/tex/latex/etoolbox/etoolbox.sty
Package: etoolbox 2020/10/05 v2.5k e-TeX tools for LaTeX (JAW)
\etb@tempcnta=\count191
)
(/usr/local/texlive/2024/texmf-dist/tex/latex/jlreq/jlreq-helpers.sty
Package: jlreq-helpers 2024/02/13 jlreq-helpers
\jlreq@tempcnta=\count192
\jlreq@tempcntb=\count193
\jlreq@tempcntc=\count194
\jlreq@tempdima=\dimen156
\jlreq@tempdimb=\dimen157
\jlreq@tempdimc=\dimen158
\jlreq@tempskipa=\skip48
\jlreq@tempskipb=\skip49
\jlreq@tempskipc=\skip50
\jlreq@tempboxa=\box69
\jlreq@tempboxb=\box70
\jlreq@tempboxc=\box71
\jlreq@resultdimen=\dimen159
\jlreq@resultskip=\skip51
\jlreq@resultbox=\box72
\jlreq@resultcnt=\count195
\jlreq@reference@count=\count196
\jlreq@currentpage=\count197
)
\l__jlreq_tmpa_int=\count198
\l__jlreq_tmpa_dim=\dimen160
\l_jlreq_tmpa_skip=\skip52
\l_jlreq_tmpa_box=\box73
\l_jlreq_tmpb_box=\box74
\l_jlreq_tmpc_box=\box75

(/usr/local/texlive/2024/texmf-dist/tex/latex/everyhook/everyhook.sty
(/usr/local/texlive/2024/texmf-dist/tex/latex/svn-prov/svn-prov.sty
Package: svn-prov 2010/04/24 v3.1862 Package Date/Version from SVN Keywords
)
Package: everyhook 2014/11/26 v1.2 (SVN Rev: 12)\ Hooks for low level TeX every
X primitives.
\everypar=\toks18
\frozen@everymath=\toks19
\frozen@everydisplay=\toks20
\everyhbox=\toks21
\everyvbox=\toks22
\everycr=\toks23
)
\jlreq@current@linewidth=\dimen161
\jlreq@rest@linewidth=\dimen162
\jlreq@lastnodechar=\count199
\jlreq@fontsize=\dimen163
\jlreq@jafontsize=\dimen164


/usr/local/texlive/2024/texmf-dist/tex/latex/jlreq/jlreq.cls:823: LaTeX Error: 
Font family `JY2+mc' unknown.

See the LaTeX manual or LaTeX Companion for explanation.
Type  H <return>  for immediate help.
 ...                                              
                                                  
l.823 ...->s*[\jlreq@jafontscale]\jlreq@jfmname}{}
                                                   
Here is how much of TeX's memory you used:
 1180 strings out of 474774
 24657 string characters out of 5758801
 1918032 words of memory out of 5000000
 23611 multiletter control sequences out of 15000+600000
 561940 words of font info for 53 fonts, out of 8000000 for 9000
 929 hyphenation exceptions out of 8191
 79i,0n,93p,318b,26s stack positions out of 10000i,1000n,20000p,200000b,200000s

No pages of output.
