%このファイルは日本語文字を含みます.
\BOOKMARK [1][-]{section.1}{\376\377\0001\000\040\060\157\060\130\060\201\060\153}{}% 1
\BOOKMARK [1][-]{section.2}{\376\377\0002\000\040\117\134\142\020\060\127\060\137\060\267\060\271\060\306\060\340\060\156\151\202\211\201}{}% 2
\BOOKMARK [2][-]{subsection.2.1}{\376\377\0002\000.\0001\000\040\121\111\060\273\060\363\060\265\060\153\060\210\060\213\134\105\167\040\060\212\151\034\167\345}{section.2}% 3
\BOOKMARK [3][-]{subsubsection.2.1.1}{\376\377\0002\000.\0001\000.\0001\000\040\060\267\060\271\060\306\060\340\060\156\151\202\211\201}{subsection.2.1}% 4
\BOOKMARK [3][-]{subsubsection.2.1.2}{\376\377\0002\000.\0001\000.\0002\000\040\230\055\060\156\137\161\060\150\164\260\130\203\121\111\060\156\225\242\117\302\060\150\134\105\167\040\060\212\122\044\133\232\154\325}{subsection.2.1}% 5
\BOOKMARK [2][-]{subsection.2.2}{\376\377\0002\000.\0002\000\040\201\010\142\315\060\273\060\363\060\265\060\153\060\210\060\213\134\105\167\040\060\212\143\250\133\232\154\325}{section.2}% 6
\BOOKMARK [3][-]{subsubsection.2.2.1}{\376\377\0002\000.\0002\000.\0001\000\040\137\303\142\315\225\223\226\224\060\156\133\232\177\251}{subsection.2.2}% 7
\BOOKMARK [3][-]{subsubsection.2.2.2}{\376\377\0002\000.\0002\000.\0002\000\040\000L\000P\060\150\060\157}{subsection.2.2}% 8
\BOOKMARK [3][-]{subsubsection.2.2.3}{\376\377\0002\000.\0002\000.\0003\000\040\000F\000-\000s\000t\000r\000e\000s\000s\060\156\133\237\210\305}{subsection.2.2}% 9
\BOOKMARK [2][-]{subsection.2.3}{\376\377\0002\000.\0003\000\040\060\267\060\271\060\306\060\340\060\156\133\237\210\305}{section.2}% 10
\BOOKMARK [3][-]{subsubsection.2.3.1}{\376\377\0002\000.\0003\000.\0001\000\040\060\325\060\355\060\374\060\301\060\343\060\374\060\310\060\150\225\242\145\160\060\156\152\137\200\375}{subsection.2.3}% 11
\BOOKMARK [3][-]{subsubsection.2.3.2}{\376\377\0002\000.\0003\000.\0002\000\040\000P\000r\000o\000c\000e\000s\000s\000i\000n\000g\120\164\060\147\060\156\210\150\171\072\060\156\135\345\131\053}{subsection.2.3}% 12
\BOOKMARK [3][-]{subsubsection.2.3.3}{\376\377\0002\000.\0003\000.\0003\000\040\126\336\215\357\126\363\060\150\165\050\060\104\060\137\152\137\126\150}{subsection.2.3}% 13
\BOOKMARK [1][-]{section.3}{\376\377\0003\000\040\060\271\060\261\060\270\060\345\060\374\060\353\060\150\142\305\137\123}{}% 14
\BOOKMARK [1][-]{section.4}{\376\377\0004\000\040\060\267\060\271\060\306\060\340\060\156\122\325\117\134\170\272\212\215}{}% 15
\BOOKMARK [2][-]{subsection.4.1}{\376\377\0004\000.\0001\000\040\122\325\117\134\170\272\212\215\145\271\154\325}{section.4}% 16
\BOOKMARK [2][-]{subsection.4.2}{\376\377\0004\000.\0002\000\040\133\237\210\114\175\120\147\234}{section.4}% 17
\BOOKMARK [3][-]{subsubsection.4.2.1}{\376\377\0004\000.\0002\000.\0001\000\040\211\232\221\222\146\102\060\156\122\325\117\134}{subsection.4.2}% 18
\BOOKMARK [3][-]{subsubsection.4.2.2}{\376\377\0004\000.\0002\000.\0002\000\040\211\232\221\222\136\246\117\116\116\013\146\102\060\156\122\325\117\134}{subsection.4.2}% 19
\BOOKMARK [3][-]{subsubsection.4.2.3}{\376\377\0004\000.\0002\000.\0003\000\040\215\167\136\212\146\102\060\156\122\325\117\134}{subsection.4.2}% 20
\BOOKMARK [3][-]{subsubsection.4.2.4}{\376\377\0004\000.\0002\000.\0004\000\040\212\244\117\177\165\050\146\102\060\156\122\325\117\134}{subsection.4.2}% 21
\BOOKMARK [3][-]{subsubsection.4.2.5}{\376\377\0004\000.\0002\000.\0005\000\040\146\227\142\100\060\153\060\104\060\213\226\233\060\156\122\325\117\134}{subsection.4.2}% 22
\BOOKMARK [1][-]{section.5}{\376\377\0005\000\040\212\125\117\241\060\150\200\003\133\337}{}% 23
\BOOKMARK [2][-]{subsection.5.1}{\376\377\0005\000.\0001\000\040\211\232\221\222\146\102\060\150\211\232\221\222\136\246\117\116\116\013\146\102\060\156\000R\000R\000I\131\011\122\325\060\156\220\125\060\104\060\153\060\144\060\104\060\146}{section.5}% 24
\BOOKMARK [2][-]{subsection.5.2}{\376\377\0005\000.\0002\000\040\147\054\133\237\232\023\060\147\165\050\060\104\060\137\000L\000P\060\156\117\341\230\074\140\047\060\153\060\144\060\104\060\146}{section.5}% 25
\BOOKMARK [2][-]{subsection.5.3}{\376\377\0005\000.\0003\000\040\000F\000-\000s\000t\000r\000e\000s\000s\060\156\142\200\210\123\166\204\212\262\230\114\060\153\060\144\060\104\060\146}{section.5}% 26
\BOOKMARK [2][-]{subsection.5.4}{\376\377\0005\000.\0004\000\040\147\054\210\305\177\156\060\156\134\105\167\040\060\212\151\034\167\345\060\373\226\062\153\142\060\156\212\125\117\241}{section.5}% 27
\BOOKMARK [2][-]{subsection.5.5}{\376\377\0005\000.\0005\000\040\000F\000-\000s\000t\000r\000e\000s\000s\060\153\133\376\060\131\060\213\211\232\221\222\136\246\211\343\147\220\060\153\060\112\060\121\060\213\147\011\122\271\140\047}{section.5}% 28
\BOOKMARK [2][-]{subsection.5.6}{\376\377\0005\000.\0006\000\040\212\244\117\177\165\050\146\102\377\014\146\227\142\100\060\153\060\104\060\213\226\233\060\156\122\325\117\134\060\156\212\125\117\241}{section.5}% 29
\BOOKMARK [1][-]{section.6}{\376\377\0006\000\040\060\112\060\217\060\212\060\153}{}% 30
\BOOKMARK [1][-]{appendix.A}{\376\377\000A\000\040\000A\000r\000d\000u\000i\000n\000o\060\156\060\271\060\261\060\303\060\301}{}% 31
